2025-07-22T16:07:20+00:00 - POST: {"action":"buscar","dni":"41924364","programa":"Maestr\u00eda en Gerencia del Mantenimiento"}
2025-07-22T16:07:28+00:00 - POST: []
2025-07-22T16:07:57+00:00 - POST: {"action":"subir_archivos","dni":"41924364","nombre":"Jose Rea\u00f1o","correo":"jreanoz@gmail.com","facultad":"Facultad de Ingenier\u00eda Mec\u00e1nica y de Energ\u00eda","programa":"Maestr\u00eda en Gerencia del Mantenimiento"}
2025-07-22T16:08:28+00:00 - POST: {"action":"buscar","dni":"73184617","programa":"Maestr\u00eda en Investigaci\u00f3n y Docencia Universitaria"}
2025-07-22T16:08:49+00:00 - POST: {"action":"buscar","dni":"73184617","programa":"Maestr\u00eda en Investigaci\u00f3n y Docencia Universitaria"}
2025-07-22T16:09:22+00:00 - POST: {"action":"buscar","dni":"42105914","programa":"Maestr\u00eda en Gesti\u00f3n P\u00fablica"}
2025-07-22T16:09:37+00:00 - POST: {"action":"subir_archivos","dni":"42105914","nombre":"HAROLD WILLIAM SALVADOR TORRE","correo":"cpc.haroldsalvador@gmail.com","facultad":"Facultad de Ciencias Contables","programa":"Maestr\u00eda en Gesti\u00f3n P\u00fablica"}
2025-07-22T16:17:04+00:00 - POST: {"action":"buscar","dni":"73184617","programa":"Maestr\u00eda en Investigaci\u00f3n y Docencia Universitaria"}
2025-07-22T16:29:20+00:00 - POST: {"action":"buscar","dni":"73184617","programa":"Maestr\u00eda en Investigaci\u00f3n y Docencia Universitaria"}
2025-07-22T17:04:29+00:00 - POST: {"action":"buscar","dni":"73184617","programa":"Maestr\u00eda en Investigaci\u00f3n y Docencia Universitaria"}
2025-07-22T19:49:32+00:00 - POST: {"action":"buscar","dni":"73184617","programa":"Maestr\u00eda en Investigaci\u00f3n y Docencia Universitaria"}
2025-07-22T19:54:53+00:00 - POST: {"action":"subir_archivos","dni":"73184617","nombre":"Jimena Selene Arroyo Villalta","correo":"jarroyovillalta@gmail.com","facultad":"Facultad de Ciencias Econ\u00f3micas","programa":"Maestr\u00eda en Investigaci\u00f3n y Docencia Universitaria"}
2025-07-22T22:07:28+00:00 - POST: {"action":"buscar","dni":"46364963","programa":"Maestr\u00eda en Ciencias de la Electr\u00f3nica con Menci\u00f3n en Telecomunicaciones"}
2025-07-22T22:37:32+00:00 - POST: {"action":"buscar","dni":"46364963","programa":"Maestr\u00eda en Ciencias de la Electr\u00f3nica con Menci\u00f3n en Gerencia de Proyectos de Ingener\u00eda"}
2025-07-22T22:37:39+00:00 - POST: {"action":"buscar","dni":"46364963","programa":"Maestr\u00eda en Ciencias de la Electr\u00f3nica con Menci\u00f3n en Telecomunicaciones"}
2025-07-22T23:26:34+00:00 - POST: {"action":"buscar","dni":"73184617","programa":"Maestr\u00eda en Investigaci\u00f3n y Docencia Universitaria"}
2025-07-22T23:35:33+00:00 - POST: {"action":"consultar_token","token":"aa98083ca265"}
2025-07-23T00:25:23+00:00 - POST: {"action":"buscar","dni":"47325022","programa":"Maaestr\u00eda en Ingener\u00eda Qu\u00edmica"}
2025-07-23T00:26:05+00:00 - POST: {"action":"buscar","dni":"47325022","programa":"Maaestr\u00eda en Ingener\u00eda Qu\u00edmica"}
2025-07-23T00:33:03+00:00 - POST: {"action":"buscar","dni":"47325022","programa":"Maaestr\u00eda en Ingener\u00eda Qu\u00edmica"}
2025-07-23T00:34:29+00:00 - POST: {"action":"buscar","dni":"47325022","programa":"Maaestr\u00eda en Ingener\u00eda Qu\u00edmica"}
2025-07-23T00:36:32+00:00 - POST: {"action":"buscar","dni":"47325022","programa":"Maaestr\u00eda en Ingener\u00eda Qu\u00edmica"}
2025-07-23T00:38:18+00:00 - POST: {"action":"buscar","dni":"47325022","programa":"Maaestr\u00eda en Ingener\u00eda Qu\u00edmica"}
2025-07-23T01:32:49+00:00 - POST: {"action":"buscar","dni":"47325022","programa":"Maaestr\u00eda en Ingener\u00eda Qu\u00edmica"}
2025-07-23T01:33:23+00:00 - POST: {"action":"buscar","dni":"47325022","programa":"Maaestr\u00eda en Ingener\u00eda Qu\u00edmica"}
2025-07-23T01:33:25+00:00 - POST: {"action":"buscar","dni":"47325022","programa":"Maaestr\u00eda en Ingener\u00eda Qu\u00edmica"}
2025-07-23T01:33:37+00:00 - POST: {"action":"buscar","dni":"47325022","programa":"Maaestr\u00eda en Ingener\u00eda Qu\u00edmica"}
2025-07-23T01:34:46+00:00 - POST: {"action":"buscar","dni":"47325022","programa":"Maaestr\u00eda en Ingener\u00eda Qu\u00edmica"}
2025-07-23T01:52:23+00:00 - POST: {"action":"buscar","dni":"47325022","programa":"Maaestr\u00eda en Ingener\u00eda Qu\u00edmica"}
2025-07-23T01:53:09+00:00 - POST: {"action":"buscar","dni":"47325022","programa":"Maaestr\u00eda en Ingener\u00eda Qu\u00edmica"}
2025-07-23T02:07:37+00:00 - POST: {"action":"consultar_token","token":"f2a2f16a8c5b"}
2025-07-23T03:58:16+00:00 - POST: {"action":"buscar","dni":"73184617","programa":"Maestr\u00eda en Investigaci\u00f3n y Docencia Universitaria"}
2025-07-23T05:31:51+00:00 - POST: {"action":"buscar","dni":"47325022","programa":"Maaestr\u00eda en Ingener\u00eda Qu\u00edmica"}
2025-07-23T14:47:14+00:00 - POST: {"action":"buscar","dni":"73497448","programa":"Maestr\u00eda en Ingener\u00eda Industrial con Menci\u00f3n en Gerencia Log\u00edstica"}
2025-07-23T15:08:01+00:00 - POST: {"action":"consultar_token","token":"aa98083ca265"}
2025-07-23T16:13:46+00:00 - POST: {"action":"buscar","dni":"73036042","programa":"Maestr\u00eda en Investigaci\u00f3n y Docencia Universitaria"}
2025-07-23T16:55:09+00:00 - POST: {"action":"subir_archivos","dni":"73036042","nombre":"Guadalupe del Karmen Medina Olazabal","correo":"medinaolazabalg@gmail.com","facultad":"Facultad de Ciencias Econ\u00f3micas","programa":"Maestr\u00eda en Investigaci\u00f3n y Docencia Universitaria"}
2025-07-23T16:55:28+00:00 - POST: {"action":"subir_archivos","dni":"73036042","nombre":"Guadalupe del Karmen Medina Olazabal","correo":"medinaolazabalg@gmail.com","facultad":"Facultad de Ciencias Econ\u00f3micas","programa":"Maestr\u00eda en Investigaci\u00f3n y Docencia Universitaria"}
2025-07-23T16:56:15+00:00 - POST: {"action":"subir_archivos","dni":"73036042","nombre":"Guadalupe del Karmen Medina Olazabal","correo":"medinaolazabalg@gmail.com","facultad":"Facultad de Ciencias Econ\u00f3micas","programa":"Maestr\u00eda en Investigaci\u00f3n y Docencia Universitaria"}
2025-07-23T16:57:07+00:00 - POST: {"action":"buscar","dni":"73036042","programa":"Maestr\u00eda en Investigaci\u00f3n y Docencia Universitaria"}
2025-07-23T17:02:23+00:00 - POST: {"action":"subir_archivos","dni":"73036042","nombre":"Guadalupe del Karmen Medina Olazabal","correo":"medinaolazabalg@gmail.com","facultad":"Facultad de Ciencias Econ\u00f3micas","programa":"Maestr\u00eda en Investigaci\u00f3n y Docencia Universitaria"}
2025-07-23T17:04:03+00:00 - POST: {"action":"subir_archivos","dni":"73036042","nombre":"Guadalupe del Karmen Medina Olazabal","correo":"medinaolazabalg@gmail.com","facultad":"Facultad de Ciencias Econ\u00f3micas","programa":"Maestr\u00eda en Investigaci\u00f3n y Docencia Universitaria"}
2025-07-23T17:04:30+00:00 - POST: {"action":"subir_archivos","dni":"73036042","nombre":"Guadalupe del Karmen Medina Olazabal","correo":"medinaolazabalg@gmail.com","facultad":"Facultad de Ciencias Econ\u00f3micas","programa":"Maestr\u00eda en Investigaci\u00f3n y Docencia Universitaria"}
2025-07-23T17:06:24+00:00 - POST: {"action":"buscar","dni":"73184617","programa":"Maestr\u00eda en Investigaci\u00f3n y Docencia Universitaria"}
2025-07-23T17:06:59+00:00 - POST: {"action":"consultar_token","token":"db81f835b222"}
2025-07-23T17:11:20+00:00 - POST: {"action":"buscar","dni":"73036042","programa":"Maestr\u00eda en Investigaci\u00f3n y Docencia Universitaria"}
2025-07-23T17:12:23+00:00 - POST: {"action":"subir_archivos","dni":"73036042","nombre":"Guadalupe del Karmen Medina Olazabal","correo":"medinaolazabalg@gmail.com","facultad":"Facultad de Ciencias Econ\u00f3micas","programa":"Maestr\u00eda en Investigaci\u00f3n y Docencia Universitaria"}
2025-07-23T17:13:01+00:00 - POST: {"action":"subir_archivos","dni":"73036042","nombre":"Guadalupe del Karmen Medina Olazabal","correo":"medinaolazabalg@gmail.com","facultad":"Facultad de Ciencias Econ\u00f3micas","programa":"Maestr\u00eda en Investigaci\u00f3n y Docencia Universitaria"}
2025-07-23T17:19:41+00:00 - POST: {"action":"subir_archivos","dni":"73036042","nombre":"Guadalupe del Karmen Medina Olazabal","correo":"medinaolazabalg@gmail.com","facultad":"Facultad de Ciencias Econ\u00f3micas","programa":"Maestr\u00eda en Investigaci\u00f3n y Docencia Universitaria"}
2025-07-23T18:00:34+00:00 - POST: {"action":"buscar","dni":"73497448","programa":"Maestr\u00eda en Ingener\u00eda Industrial con Menci\u00f3n en Gerencia Log\u00edstica"}
2025-07-23T18:53:49+00:00 - POST: {"action":"buscar","dni":"46364963","programa":"Maestr\u00eda en Ciencias de la Electr\u00f3nica con Menci\u00f3n en Telecomunicaciones"}
2025-07-23T20:10:14+00:00 - POST: {"action":"buscar","dni":"46364963","programa":"Maestr\u00eda en Ciencias de la Electr\u00f3nica con Menci\u00f3n en Telecomunicaciones"}
2025-07-23T20:34:51+00:00 - POST: {"action":"buscar","dni":"46364963","programa":"Maestr\u00eda en Ciencias de la Electr\u00f3nica con Menci\u00f3n en Telecomunicaciones"}
2025-07-23T20:35:48+00:00 - POST: {"action":"subir_archivos","dni":"46364963","nombre":"Deivi Lauro  Dios Ramirez","correo":"ddiosramir@gmail.com","facultad":"Facultad de Ingenier\u00eda El\u00e9ctrica y Electr\u00f3nica","programa":"Maestr\u00eda en Ciencias de la Electr\u00f3nica con Menci\u00f3n en Telecomunicaciones"}
2025-07-23T20:37:11+00:00 - POST: {"action":"subir_archivos","dni":"46364963","nombre":"Deivi Lauro  Dios Ramirez","correo":"ddiosramir@gmail.com","facultad":"Facultad de Ingenier\u00eda El\u00e9ctrica y Electr\u00f3nica","programa":"Maestr\u00eda en Ciencias de la Electr\u00f3nica con Menci\u00f3n en Telecomunicaciones"}
2025-07-23T20:49:16+00:00 - POST: {"action":"subir_archivos","dni":"46364963","nombre":"Deivi Lauro  Dios Ramirez","correo":"ddiosramir@gmail.com","facultad":"Facultad de Ingenier\u00eda El\u00e9ctrica y Electr\u00f3nica","programa":"Maestr\u00eda en Ciencias de la Electr\u00f3nica con Menci\u00f3n en Telecomunicaciones"}
2025-07-23T20:49:48+00:00 - POST: {"action":"subir_archivos","dni":"46364963","nombre":"Deivi Lauro  Dios Ramirez","correo":"ddiosramir@gmail.com","facultad":"Facultad de Ingenier\u00eda El\u00e9ctrica y Electr\u00f3nica","programa":"Maestr\u00eda en Ciencias de la Electr\u00f3nica con Menci\u00f3n en Telecomunicaciones"}
2025-07-23T20:50:40+00:00 - POST: {"action":"buscar","dni":"46364963","programa":"Maestr\u00eda en Ciencias de la Electr\u00f3nica con Menci\u00f3n en Telecomunicaciones"}
2025-07-23T20:50:47+00:00 - POST: {"action":"buscar","dni":"46364963","programa":"Maestr\u00eda en Ciencias de la Electr\u00f3nica con Menci\u00f3n en Telecomunicaciones"}
2025-07-23T20:51:01+00:00 - POST: {"action":"buscar","dni":"46364963","programa":"Maestr\u00eda en Ciencias de la Electr\u00f3nica con Menci\u00f3n en Telecomunicaciones"}
2025-07-23T20:51:29+00:00 - POST: {"action":"subir_archivos","dni":"46364963","nombre":"Deivi Lauro  Dios Ramirez","correo":"ddiosramir@gmail.com","facultad":"Facultad de Ingenier\u00eda El\u00e9ctrica y Electr\u00f3nica","programa":"Maestr\u00eda en Ciencias de la Electr\u00f3nica con Menci\u00f3n en Telecomunicaciones"}
2025-07-23T20:53:22+00:00 - POST: {"action":"consultar_token","token":"46364963"}
2025-07-23T20:55:02+00:00 - POST: {"action":"subir_archivos","dni":"46364963","nombre":"Deivi Lauro  Dios Ramirez","correo":"ddiosramir@gmail.com","facultad":"Facultad de Ingenier\u00eda El\u00e9ctrica y Electr\u00f3nica","programa":"Maestr\u00eda en Ciencias de la Electr\u00f3nica con Menci\u00f3n en Telecomunicaciones"}
2025-07-23T20:55:58+00:00 - POST: {"action":"subir_archivos","dni":"46364963","nombre":"Deivi Lauro  Dios Ramirez","correo":"ddiosramir@gmail.com","facultad":"Facultad de Ingenier\u00eda El\u00e9ctrica y Electr\u00f3nica","programa":"Maestr\u00eda en Ciencias de la Electr\u00f3nica con Menci\u00f3n en Telecomunicaciones"}
2025-07-23T20:56:26+00:00 - POST: {"action":"buscar","dni":"46364963","programa":"Maestr\u00eda en Ciencias de la Electr\u00f3nica con Menci\u00f3n en Telecomunicaciones"}
2025-07-23T20:56:53+00:00 - POST: {"action":"subir_archivos","dni":"46364963","nombre":"Deivi Lauro  Dios Ramirez","correo":"ddiosramir@gmail.com","facultad":"Facultad de Ingenier\u00eda El\u00e9ctrica y Electr\u00f3nica","programa":"Maestr\u00eda en Ciencias de la Electr\u00f3nica con Menci\u00f3n en Telecomunicaciones"}
2025-07-23T20:57:46+00:00 - POST: {"action":"subir_archivos","dni":"46364963","nombre":"Deivi Lauro  Dios Ramirez","correo":"ddiosramir@gmail.com","facultad":"Facultad de Ingenier\u00eda El\u00e9ctrica y Electr\u00f3nica","programa":"Maestr\u00eda en Ciencias de la Electr\u00f3nica con Menci\u00f3n en Telecomunicaciones"}
2025-07-23T20:57:56+00:00 - POST: {"action":"subir_archivos","dni":"46364963","nombre":"Deivi Lauro  Dios Ramirez","correo":"ddiosramir@gmail.com","facultad":"Facultad de Ingenier\u00eda El\u00e9ctrica y Electr\u00f3nica","programa":"Maestr\u00eda en Ciencias de la Electr\u00f3nica con Menci\u00f3n en Telecomunicaciones"}
2025-07-23T21:05:18+00:00 - POST: {"action":"subir_archivos","dni":"46364963","nombre":"Deivi Lauro  Dios Ramirez","correo":"ddiosramir@gmail.com","facultad":"Facultad de Ingenier\u00eda El\u00e9ctrica y Electr\u00f3nica","programa":"Maestr\u00eda en Ciencias de la Electr\u00f3nica con Menci\u00f3n en Telecomunicaciones"}
2025-07-24T04:04:07+00:00 - POST: {"action":"buscar","dni":"73036042","programa":"Maestr\u00eda en Investigaci\u00f3n y Docencia Universitaria"}
2025-07-24T04:04:23+00:00 - POST: {"action":"subir_archivos","dni":"73036042","nombre":"Guadalupe del Karmen Medina Olazabal","correo":"medinaolazabalg@gmail.com","facultad":"Facultad de Ciencias Econ\u00f3micas","programa":"Maestr\u00eda en Investigaci\u00f3n y Docencia Universitaria"}
2025-07-24T04:04:34+00:00 - POST: {"action":"subir_archivos","dni":"73036042","nombre":"Guadalupe del Karmen Medina Olazabal","correo":"medinaolazabalg@gmail.com","facultad":"Facultad de Ciencias Econ\u00f3micas","programa":"Maestr\u00eda en Investigaci\u00f3n y Docencia Universitaria"}
2025-07-24T04:09:01+00:00 - POST: {"action":"subir_archivos","dni":"73036042","nombre":"Guadalupe del Karmen Medina Olazabal","correo":"medinaolazabalg@gmail.com","facultad":"Facultad de Ciencias Econ\u00f3micas","programa":"Maestr\u00eda en Investigaci\u00f3n y Docencia Universitaria"}
2025-07-24T04:11:59+00:00 - POST: {"action":"buscar","dni":"73036042","programa":"Maestr\u00eda en Finanzas"}
2025-07-24T04:12:03+00:00 - POST: {"action":"buscar","dni":"73036042","programa":"Maestr\u00eda en Investigaci\u00f3n y Docencia Universitaria"}
2025-07-24T04:12:13+00:00 - POST: {"action":"subir_archivos","dni":"73036042","nombre":"Guadalupe del Karmen Medina Olazabal","correo":"medinaolazabalg@gmail.com","facultad":"Facultad de Ciencias Econ\u00f3micas","programa":"Maestr\u00eda en Investigaci\u00f3n y Docencia Universitaria"}
2025-07-24T04:13:45+00:00 - POST: {"action":"subir_archivos","dni":"73036042","nombre":"Guadalupe del Karmen Medina Olazabal","correo":"medinaolazabalg@gmail.com","facultad":"Facultad de Ciencias Econ\u00f3micas","programa":"Maestr\u00eda en Investigaci\u00f3n y Docencia Universitaria"}
2025-07-24T04:14:32+00:00 - POST: {"action":"subir_archivos","dni":"73036042","nombre":"Guadalupe del Karmen Medina Olazabal","correo":"medinaolazabalg@gmail.com","facultad":"Facultad de Ciencias Econ\u00f3micas","programa":"Maestr\u00eda en Investigaci\u00f3n y Docencia Universitaria"}
2025-07-24T15:52:41+00:00 - POST: {"action":"subir_archivos","dni":"73036042","nombre":"Guadalupe del Karmen Medina Olazabal","correo":"medinaolazabalg@gmail.com","facultad":"Facultad de Ciencias Econ\u00f3micas","programa":"Maestr\u00eda en Investigaci\u00f3n y Docencia Universitaria"}
2025-07-24T15:58:03+00:00 - POST: {"action":"buscar","dni":"44319912","programa":"Maestr\u00eda en Investigaci\u00f3n y Docencia Universitaria"}
2025-07-24T15:58:30+00:00 - POST: {"action":"subir_archivos","dni":"44319912","nombre":"Jimmy Christian Cac\u00f1ahuaray Huaraca","correo":"jimmy.christian.huaraca@gmail.com","facultad":"Facultad de Ciencias Econ\u00f3micas","programa":"Maestr\u00eda en Investigaci\u00f3n y Docencia Universitaria"}
2025-07-24T15:59:25+00:00 - POST: {"action":"buscar","dni":"73036042","programa":"Maestr\u00eda en Investigaci\u00f3n y Docencia Universitaria"}
2025-07-24T16:00:23+00:00 - POST: {"action":"subir_archivos","dni":"73036042","nombre":"Guadalupe del Karmen Medina Olazabal","correo":"medinaolazabalg@gmail.com","facultad":"Facultad de Ciencias Econ\u00f3micas","programa":"Maestr\u00eda en Investigaci\u00f3n y Docencia Universitaria"}
2025-07-24T16:01:02+00:00 - POST: {"action":"subir_archivos","dni":"73036042","nombre":"Guadalupe del Karmen Medina Olazabal","correo":"medinaolazabalg@gmail.com","facultad":"Facultad de Ciencias Econ\u00f3micas","programa":"Maestr\u00eda en Investigaci\u00f3n y Docencia Universitaria"}
2025-07-24T16:01:59+00:00 - POST: {"action":"buscar","dni":"73036042","programa":"Maestr\u00eda en Investigaci\u00f3n y Docencia Universitaria"}
2025-07-24T16:02:24+00:00 - POST: {"action":"subir_archivos","dni":"73036042","nombre":"Guadalupe del Karmen Medina Olazabal","correo":"medinaolazabalg@gmail.com","facultad":"Facultad de Ciencias Econ\u00f3micas","programa":"Maestr\u00eda en Investigaci\u00f3n y Docencia Universitaria"}
2025-07-24T16:03:21+00:00 - POST: {"action":"subir_archivos","dni":"73036042","nombre":"Guadalupe del Karmen Medina Olazabal","correo":"medinaolazabalg@gmail.com","facultad":"Facultad de Ciencias Econ\u00f3micas","programa":"Maestr\u00eda en Investigaci\u00f3n y Docencia Universitaria"}
2025-07-24T16:29:35+00:00 - POST: {"action":"buscar","dni":"73036042","programa":"Maestr\u00eda en Investigaci\u00f3n y Docencia Universitaria"}
2025-07-24T16:32:10+00:00 - POST: {"action":"subir_archivos","dni":"73036042","nombre":"Guadalupe del Karmen Medina Olazabal","correo":"medinaolazabalg@gmail.com","facultad":"Facultad de Ciencias Econ\u00f3micas","programa":"Maestr\u00eda en Investigaci\u00f3n y Docencia Universitaria"}
2025-07-24T16:32:33+00:00 - POST: {"action":"subir_archivos","dni":"73036042","nombre":"Guadalupe del Karmen Medina Olazabal","correo":"medinaolazabalg@gmail.com","facultad":"Facultad de Ciencias Econ\u00f3micas","programa":"Maestr\u00eda en Investigaci\u00f3n y Docencia Universitaria"}
2025-07-24T16:33:21+00:00 - POST: {"action":"buscar","dni":"73036042","programa":"Maestr\u00eda en Investigaci\u00f3n y Docencia Universitaria"}
2025-07-24T16:33:34+00:00 - POST: {"action":"subir_archivos","dni":"73036042","nombre":"Guadalupe del Karmen Medina Olazabal","correo":"medinaolazabalg@gmail.com","facultad":"Facultad de Ciencias Econ\u00f3micas","programa":"Maestr\u00eda en Investigaci\u00f3n y Docencia Universitaria"}
2025-07-24T16:35:00+00:00 - POST: {"action":"subir_archivos","dni":"73036042","nombre":"Guadalupe del Karmen Medina Olazabal","correo":"medinaolazabalg@gmail.com","facultad":"Facultad de Ciencias Econ\u00f3micas","programa":"Maestr\u00eda en Investigaci\u00f3n y Docencia Universitaria"}
2025-07-24T16:40:48+00:00 - POST: {"action":"buscar","dni":"46364963","programa":"Maestr\u00eda en Ciencias de la Electr\u00f3nica con Menci\u00f3n en Telecomunicaciones"}
2025-07-24T16:42:31+00:00 - POST: {"action":"subir_archivos","dni":"46364963","nombre":"Deivi Lauro  Dios Ramirez","correo":"ddiosramir@gmail.com","facultad":"Facultad de Ingenier\u00eda El\u00e9ctrica y Electr\u00f3nica","programa":"Maestr\u00eda en Ciencias de la Electr\u00f3nica con Menci\u00f3n en Telecomunicaciones"}
2025-07-24T17:09:46+00:00 - POST: {"action":"buscar","dni":"46364963","programa":"Maestr\u00eda en Ciencias de la Electr\u00f3nica con Menci\u00f3n en Telecomunicaciones"}
2025-07-24T17:09:55+00:00 - POST: {"action":"subir_archivos","dni":"46364963","nombre":"Deivi Lauro  Dios Ramirez","correo":"ddiosramir@gmail.com","facultad":"Facultad de Ingenier\u00eda El\u00e9ctrica y Electr\u00f3nica","programa":"Maestr\u00eda en Ciencias de la Electr\u00f3nica con Menci\u00f3n en Telecomunicaciones"}
2025-07-24T17:16:45+00:00 - POST: {"action":"subir_archivos","dni":"46364963","nombre":"Deivi Lauro  Dios Ramirez","correo":"ddiosramir@gmail.com","facultad":"Facultad de Ingenier\u00eda El\u00e9ctrica y Electr\u00f3nica","programa":"Maestr\u00eda en Ciencias de la Electr\u00f3nica con Menci\u00f3n en Telecomunicaciones"}
2025-07-24T17:24:05+00:00 - POST: {"action":"subir_archivos","dni":"46364963","nombre":"Deivi Lauro  Dios Ramirez","correo":"ddiosramir@gmail.com","facultad":"Facultad de Ingenier\u00eda El\u00e9ctrica y Electr\u00f3nica","programa":"Maestr\u00eda en Ciencias de la Electr\u00f3nica con Menci\u00f3n en Telecomunicaciones"}
2025-07-24T17:32:11+00:00 - POST: {"action":"consultar_token","token":"aa98083ca265"}
2025-07-24T20:45:38+00:00 - POST: {"action":"buscar","dni":"48001383","programa":"Maestr\u00eda en Gesti\u00f3n Ambiental para el Desarrollo Sostenible"}
2025-07-24T23:19:33+00:00 - POST: {"action":"buscar","dni":"46364963","programa":"Maestr\u00eda en Ciencias de la Electr\u00f3nica con Menci\u00f3n en Telecomunicaciones"}
2025-07-24T23:19:47+00:00 - POST: {"action":"buscar","dni":"46364963","programa":"Maestr\u00eda en Ciencias de la Electr\u00f3nica con Menci\u00f3n en Telecomunicaciones"}
2025-07-24T23:20:08+00:00 - POST: {"action":"subir_archivos","dni":"46364963","nombre":"Deivi Lauro  Dios Ramirez","correo":"ddiosramir@gmail.com","facultad":"Facultad de Ingenier\u00eda El\u00e9ctrica y Electr\u00f3nica","programa":"Maestr\u00eda en Ciencias de la Electr\u00f3nica con Menci\u00f3n en Telecomunicaciones"}
2025-07-25T00:01:14+00:00 - POST: {"action":"buscar","dni":"87654321","programa":"Maestr\u00eda en Investigaci\u00f3n y Docencia Universitaria"}
2025-07-25T00:02:10+00:00 - POST: {"action":"subir_archivos","dni":"87654321","nombre":"Posgrado UNAC","correo":"posgrado@unac.edu.pe","facultad":"Facultad de Ciencias Econ\u00f3micas","programa":"Maestr\u00eda en Investigaci\u00f3n y Docencia Universitaria"}
2025-07-25T00:02:45+00:00 - POST: {"action":"consultar_token","token":"913eb798ab40"}
2025-07-25T00:16:13+00:00 - POST: {"action":"buscar","dni":"73184617","programa":"Maestr\u00eda en Investigaci\u00f3n y Docencia Universitaria"}
2025-07-25T00:55:50+00:00 - POST: {"action":"consultar_token","token":"aa98083ca265"}
2025-07-25T02:00:19+00:00 - POST: {"action":"buscar","dni":"87654321","programa":"Maestr\u00eda en Investigaci\u00f3n y Docencia Universitaria"}
2025-07-25T02:00:52+00:00 - POST: {"action":"subir_archivos","dni":"87654321","nombre":"Posgrado UNAC","correo":"posgrado@unac.edu.pe","facultad":"Facultad de Ciencias Econ\u00f3micas","programa":"Maestr\u00eda en Investigaci\u00f3n y Docencia Universitaria"}
2025-07-25T02:01:23+00:00 - POST: {"action":"consultar_token","token":"5391ad30db70"}
2025-07-25T03:09:37+00:00 - POST: {"action":"consultar_token","token":"f2a2f16a8c5b"}
2025-07-25T17:05:54+00:00 - POST: {"action":"consultar_token","token":"db81f835b222"}
2025-07-25T17:07:00+00:00 - POST: {"action":"buscar","dni":"70253995","programa":"Maestr\u00eda en Administraci\u00f3n Mar\u00edtima y Portuaria"}
2025-07-25T17:15:26+00:00 - POST: {"action":"buscar","dni":"71489640","programa":"Maestr\u00eda en Gesti\u00f3n P\u00fablica"}
2025-07-25T17:22:34+00:00 - POST: {"action":"buscar","dni":"70253995","programa":"Maestr\u00eda en Administraci\u00f3n Mar\u00edtima y Portuaria"}
2025-07-25T17:40:00+00:00 - POST: {"action":"buscar","dni":"70253995","programa":"Maestr\u00eda en Administraci\u00f3n Mar\u00edtima y Portuaria"}
2025-07-25T17:40:24+00:00 - POST: {"action":"subir_archivos","dni":"70253995","nombre":"Nicole Del Pilar Levano Concha","correo":"nicolelevano60@gmail.com","facultad":"Facultad de Ciencias Administrativas","programa":"Maestr\u00eda en Administraci\u00f3n Mar\u00edtima y Portuaria"}
2025-07-25T17:51:50+00:00 - POST: {"action":"buscar","dni":"70253995","programa":"Maestr\u00eda en Administraci\u00f3n Mar\u00edtima y Portuaria"}
2025-07-25T17:53:00+00:00 - POST: {"action":"consultar_token","token":"57b78821c188"}
2025-07-25T18:48:33+00:00 - POST: {"action":"buscar","dni":"44808496","programa":"Maestr\u00eda en Ingenier\u00eda Industrial con Menci\u00f3n en Gerencia de la Calidad y Productividad"}
2025-07-25T19:29:47+00:00 - POST: {"action":"consultar_token","token":"c9c1424487e0"}
2025-07-26T00:20:37+00:00 - POST: {"action":"consultar_token","token":"aa98083ca265"}
2025-07-26T02:07:30+00:00 - POST: {"action":"consultar_token","token":"f2a2f16a8c5b"}
2025-07-26T16:38:28+00:00 - POST: {"action":"consultar_token","token":"db81f835b222"}
2025-07-26T22:13:49+00:00 - POST: {"action":"consultar_token","token":"0d22537e350e"}
2025-07-26T22:56:08+00:00 - POST: {"action":"consultar_token","token":"db81f835b222"}
2025-07-27T18:51:31+00:00 - POST: {"action":"consultar_token","token":"db81f835b222"}
2025-07-28T14:29:40+00:00 - POST: {"action":"consultar_token","token":"aa98083ca265"}
2025-07-28T17:25:25+00:00 - POST: {"action":"buscar","dni":"70018440","programa":"Maestr\u00eda en Gesti\u00f3n P\u00fablica"}
2025-07-28T18:42:58+00:00 - POST: {"action":"buscar","dni":"47325022","programa":"Maestr\u00eda en Ingenier\u00eda Qu\u00edmica"}
2025-07-29T03:24:26+00:00 - POST: {"action":"consultar_token","token":"aa98083ca265"}
2025-07-29T12:59:51+00:00 - POST: {"action":"consultar_token","token":"aa98083ca265"}
2025-07-30T03:51:00+00:00 - POST: {"action":"consultar_token","token":"db81f835b222"}
2025-07-30T05:03:07+00:00 - POST: {"action":"consultar_token","token":"aa98083ca265"}
2025-07-30T12:31:33+00:00 - POST: {"action":"buscar","dni":"48001383","programa":"Maestr\u00eda en Gesti\u00f3n Ambiental para el Desarrollo Sostenible"}
2025-07-30T12:49:57+00:00 - POST: {"action":"subir_archivos","dni":"48001383","nombre":"Michael Jordan Gonzales Ibarra","correo":"dynastes93@gmail.com","facultad":"Facultad de Ingenier\u00eda Ambiental y de Recursos Naturales","programa":"Maestr\u00eda en Gesti\u00f3n Ambiental para el Desarrollo Sostenible"}
2025-07-30T12:50:08+00:00 - POST: {"action":"subir_archivos","dni":"48001383","nombre":"Michael Jordan Gonzales Ibarra","correo":"dynastes93@gmail.com","facultad":"Facultad de Ingenier\u00eda Ambiental y de Recursos Naturales","programa":"Maestr\u00eda en Gesti\u00f3n Ambiental para el Desarrollo Sostenible"}
2025-07-30T12:50:36+00:00 - POST: {"action":"buscar","dni":"48001383","programa":"Maestr\u00eda en Gesti\u00f3n Ambiental para el Desarrollo Sostenible"}
2025-07-30T12:50:51+00:00 - POST: {"action":"subir_archivos","dni":"48001383","nombre":"Michael Jordan Gonzales Ibarra","correo":"dynastes93@gmail.com","facultad":"Facultad de Ingenier\u00eda Ambiental y de Recursos Naturales","programa":"Maestr\u00eda en Gesti\u00f3n Ambiental para el Desarrollo Sostenible"}
2025-07-30T12:58:22+00:00 - POST: {"action":"subir_archivos","dni":"48001383","nombre":"Michael Jordan Gonzales Ibarra","correo":"dynastes93@gmail.com","facultad":"Facultad de Ingenier\u00eda Ambiental y de Recursos Naturales","programa":"Maestr\u00eda en Gesti\u00f3n Ambiental para el Desarrollo Sostenible"}
2025-07-30T12:59:02+00:00 - POST: {"action":"subir_archivos","dni":"48001383","nombre":"Michael Jordan Gonzales Ibarra","correo":"dynastes93@gmail.com","facultad":"Facultad de Ingenier\u00eda Ambiental y de Recursos Naturales","programa":"Maestr\u00eda en Gesti\u00f3n Ambiental para el Desarrollo Sostenible"}
2025-07-30T12:59:13+00:00 - POST: {"action":"subir_archivos","dni":"48001383","nombre":"Michael Jordan Gonzales Ibarra","correo":"dynastes93@gmail.com","facultad":"Facultad de Ingenier\u00eda Ambiental y de Recursos Naturales","programa":"Maestr\u00eda en Gesti\u00f3n Ambiental para el Desarrollo Sostenible"}
2025-07-30T12:59:48+00:00 - POST: {"action":"subir_archivos","dni":"48001383","nombre":"Michael Jordan Gonzales Ibarra","correo":"dynastes93@gmail.com","facultad":"Facultad de Ingenier\u00eda Ambiental y de Recursos Naturales","programa":"Maestr\u00eda en Gesti\u00f3n Ambiental para el Desarrollo Sostenible"}
2025-07-30T13:00:18+00:00 - POST: {"action":"subir_archivos","dni":"48001383","nombre":"Michael Jordan Gonzales Ibarra","correo":"dynastes93@gmail.com","facultad":"Facultad de Ingenier\u00eda Ambiental y de Recursos Naturales","programa":"Maestr\u00eda en Gesti\u00f3n Ambiental para el Desarrollo Sostenible"}
2025-07-30T13:00:34+00:00 - POST: {"action":"buscar","dni":"48001383","programa":"Maestr\u00eda en Gesti\u00f3n Ambiental para el Desarrollo Sostenible"}
2025-07-30T13:00:48+00:00 - POST: {"action":"subir_archivos","dni":"48001383","nombre":"Michael Jordan Gonzales Ibarra","correo":"dynastes93@gmail.com","facultad":"Facultad de Ingenier\u00eda Ambiental y de Recursos Naturales","programa":"Maestr\u00eda en Gesti\u00f3n Ambiental para el Desarrollo Sostenible"}
2025-07-30T13:02:53+00:00 - POST: {"action":"subir_archivos","dni":"48001383","nombre":"Michael Jordan Gonzales Ibarra","correo":"dynastes93@gmail.com","facultad":"Facultad de Ingenier\u00eda Ambiental y de Recursos Naturales","programa":"Maestr\u00eda en Gesti\u00f3n Ambiental para el Desarrollo Sostenible"}
2025-07-30T13:03:29+00:00 - POST: {"action":"subir_archivos","dni":"48001383","nombre":"Michael Jordan Gonzales Ibarra","correo":"dynastes93@gmail.com","facultad":"Facultad de Ingenier\u00eda Ambiental y de Recursos Naturales","programa":"Maestr\u00eda en Gesti\u00f3n Ambiental para el Desarrollo Sostenible"}
2025-07-30T13:05:11+00:00 - POST: {"action":"subir_archivos","dni":"48001383","nombre":"Michael Jordan Gonzales Ibarra","correo":"dynastes93@gmail.com","facultad":"Facultad de Ingenier\u00eda Ambiental y de Recursos Naturales","programa":"Maestr\u00eda en Gesti\u00f3n Ambiental para el Desarrollo Sostenible"}
2025-07-30T13:06:25+00:00 - POST: {"action":"subir_archivos","dni":"48001383","nombre":"Michael Jordan Gonzales Ibarra","correo":"dynastes93@gmail.com","facultad":"Facultad de Ingenier\u00eda Ambiental y de Recursos Naturales","programa":"Maestr\u00eda en Gesti\u00f3n Ambiental para el Desarrollo Sostenible"}
2025-07-30T13:07:43+00:00 - POST: {"action":"buscar","dni":"48001383","programa":"Maestr\u00eda en Gesti\u00f3n Ambiental para el Desarrollo Sostenible"}
2025-07-30T13:07:53+00:00 - POST: {"action":"subir_archivos","dni":"48001383","nombre":"Michael Jordan Gonzales Ibarra","correo":"dynastes93@gmail.com","facultad":"Facultad de Ingenier\u00eda Ambiental y de Recursos Naturales","programa":"Maestr\u00eda en Gesti\u00f3n Ambiental para el Desarrollo Sostenible"}
2025-07-30T13:19:48+00:00 - POST: {"action":"buscar","dni":"48001383","programa":"Maestr\u00eda en Gesti\u00f3n Ambiental para el Desarrollo Sostenible"}
2025-07-30T13:20:03+00:00 - POST: {"action":"subir_archivos","dni":"48001383","nombre":"Michael Jordan Gonzales Ibarra","correo":"dynastes93@gmail.com","facultad":"Facultad de Ingenier\u00eda Ambiental y de Recursos Naturales","programa":"Maestr\u00eda en Gesti\u00f3n Ambiental para el Desarrollo Sostenible"}
2025-07-30T13:25:10+00:00 - POST: {"action":"subir_archivos","dni":"48001383","nombre":"Michael Jordan Gonzales Ibarra","correo":"dynastes93@gmail.com","facultad":"Facultad de Ingenier\u00eda Ambiental y de Recursos Naturales","programa":"Maestr\u00eda en Gesti\u00f3n Ambiental para el Desarrollo Sostenible"}
2025-07-30T13:25:52+00:00 - POST: {"action":"subir_archivos","dni":"48001383","nombre":"Michael Jordan Gonzales Ibarra","correo":"dynastes93@gmail.com","facultad":"Facultad de Ingenier\u00eda Ambiental y de Recursos Naturales","programa":"Maestr\u00eda en Gesti\u00f3n Ambiental para el Desarrollo Sostenible"}
2025-07-30T13:26:02+00:00 - POST: {"action":"buscar","dni":"73497448","programa":"Maestr\u00eda en Ingenier\u00eda Industrial con Menci\u00f3n en Gerencia Log\u00edstica"}
2025-07-30T13:27:38+00:00 - POST: {"action":"subir_archivos","dni":"48001383","nombre":"Michael Jordan Gonzales Ibarra","correo":"dynastes93@gmail.com","facultad":"Facultad de Ingenier\u00eda Ambiental y de Recursos Naturales","programa":"Maestr\u00eda en Gesti\u00f3n Ambiental para el Desarrollo Sostenible"}
2025-07-30T13:27:50+00:00 - POST: {"action":"subir_archivos","dni":"48001383","nombre":"Michael Jordan Gonzales Ibarra","correo":"dynastes93@gmail.com","facultad":"Facultad de Ingenier\u00eda Ambiental y de Recursos Naturales","programa":"Maestr\u00eda en Gesti\u00f3n Ambiental para el Desarrollo Sostenible"}
2025-07-30T13:30:19+00:00 - POST: {"action":"subir_archivos","dni":"48001383","nombre":"Michael Jordan Gonzales Ibarra","correo":"dynastes93@gmail.com","facultad":"Facultad de Ingenier\u00eda Ambiental y de Recursos Naturales","programa":"Maestr\u00eda en Gesti\u00f3n Ambiental para el Desarrollo Sostenible"}
2025-07-30T13:42:09+00:00 - POST: {"action":"subir_archivos","dni":"73497448","nombre":"CINTHIA ANITA TERRONES VARGAS","correo":"terronesvargasc@gmail.com","facultad":"Facultad de Ingenier\u00eda Industrial y de Sistemas","programa":"Maestr\u00eda en Ingenier\u00eda Industrial con Menci\u00f3n en Gerencia Log\u00edstica"}
2025-07-30T13:42:36+00:00 - POST: {"action":"subir_archivos","dni":"73497448","nombre":"CINTHIA ANITA TERRONES VARGAS","correo":"terronesvargasc@gmail.com","facultad":"Facultad de Ingenier\u00eda Industrial y de Sistemas","programa":"Maestr\u00eda en Ingenier\u00eda Industrial con Menci\u00f3n en Gerencia Log\u00edstica"}
2025-07-30T13:43:03+00:00 - POST: {"action":"buscar","dni":"73497448","programa":"Maestr\u00eda en Ingenier\u00eda Industrial con Menci\u00f3n en Gerencia Log\u00edstica"}
2025-07-30T13:43:15+00:00 - POST: {"action":"subir_archivos","dni":"73497448","nombre":"CINTHIA ANITA TERRONES VARGAS","correo":"terronesvargasc@gmail.com","facultad":"Facultad de Ingenier\u00eda Industrial y de Sistemas","programa":"Maestr\u00eda en Ingenier\u00eda Industrial con Menci\u00f3n en Gerencia Log\u00edstica"}
2025-07-30T13:44:51+00:00 - POST: {"action":"subir_archivos","dni":"73497448","nombre":"CINTHIA ANITA TERRONES VARGAS","correo":"terronesvargasc@gmail.com","facultad":"Facultad de Ingenier\u00eda Industrial y de Sistemas","programa":"Maestr\u00eda en Ingenier\u00eda Industrial con Menci\u00f3n en Gerencia Log\u00edstica"}
2025-07-30T13:54:10+00:00 - POST: {"action":"subir_archivos","dni":"48001383","nombre":"Michael Jordan Gonzales Ibarra","correo":"dynastes93@gmail.com","facultad":"Facultad de Ingenier\u00eda Ambiental y de Recursos Naturales","programa":"Maestr\u00eda en Gesti\u00f3n Ambiental para el Desarrollo Sostenible"}
2025-07-30T14:01:40+00:00 - POST: {"action":"subir_archivos","dni":"48001383","nombre":"Michael Jordan Gonzales Ibarra","correo":"dynastes93@gmail.com","facultad":"Facultad de Ingenier\u00eda Ambiental y de Recursos Naturales","programa":"Maestr\u00eda en Gesti\u00f3n Ambiental para el Desarrollo Sostenible"}
2025-07-30T14:14:40+00:00 - POST: {"action":"buscar","dni":"70253995","programa":"Maestr\u00eda en Administraci\u00f3n Estrat\u00e9gica de Empresas"}
2025-07-30T14:18:14+00:00 - POST: {"action":"subir_archivos","dni":"48001383","nombre":"Michael Jordan Gonzales Ibarra","correo":"dynastes93@gmail.com","facultad":"Facultad de Ingenier\u00eda Ambiental y de Recursos Naturales","programa":"Maestr\u00eda en Gesti\u00f3n Ambiental para el Desarrollo Sostenible"}
2025-07-30T14:18:23+00:00 - POST: {"action":"subir_archivos","dni":"48001383","nombre":"Michael Jordan Gonzales Ibarra","correo":"dynastes93@gmail.com","facultad":"Facultad de Ingenier\u00eda Ambiental y de Recursos Naturales","programa":"Maestr\u00eda en Gesti\u00f3n Ambiental para el Desarrollo Sostenible"}
2025-07-30T14:20:20+00:00 - POST: {"action":"subir_archivos","dni":"48001383","nombre":"Michael Jordan Gonzales Ibarra","correo":"dynastes93@gmail.com","facultad":"Facultad de Ingenier\u00eda Ambiental y de Recursos Naturales","programa":"Maestr\u00eda en Gesti\u00f3n Ambiental para el Desarrollo Sostenible"}
2025-07-30T14:22:56+00:00 - POST: {"action":"subir_archivos","dni":"48001383","nombre":"Michael Jordan Gonzales Ibarra","correo":"dynastes93@gmail.com","facultad":"Facultad de Ingenier\u00eda Ambiental y de Recursos Naturales","programa":"Maestr\u00eda en Gesti\u00f3n Ambiental para el Desarrollo Sostenible"}
2025-07-30T14:23:44+00:00 - POST: {"action":"subir_archivos","dni":"48001383","nombre":"Michael Jordan Gonzales Ibarra","correo":"dynastes93@gmail.com","facultad":"Facultad de Ingenier\u00eda Ambiental y de Recursos Naturales","programa":"Maestr\u00eda en Gesti\u00f3n Ambiental para el Desarrollo Sostenible"}
2025-07-30T14:28:44+00:00 - POST: {"action":"subir_archivos","dni":"48001383","nombre":"Michael Jordan Gonzales Ibarra","correo":"dynastes93@gmail.com","facultad":"Facultad de Ingenier\u00eda Ambiental y de Recursos Naturales","programa":"Maestr\u00eda en Gesti\u00f3n Ambiental para el Desarrollo Sostenible"}
2025-07-30T14:30:06+00:00 - POST: {"action":"buscar","dni":"48001383","programa":"Maestr\u00eda en Gesti\u00f3n Ambiental para el Desarrollo Sostenible"}
2025-07-30T14:30:51+00:00 - POST: {"action":"subir_archivos","dni":"48001383","nombre":"Michael Jordan Gonzales Ibarra","correo":"dynastes93@gmail.com","facultad":"Facultad de Ingenier\u00eda Ambiental y de Recursos Naturales","programa":"Maestr\u00eda en Gesti\u00f3n Ambiental para el Desarrollo Sostenible"}
2025-07-30T14:31:09+00:00 - POST: {"action":"subir_archivos","dni":"48001383","nombre":"Michael Jordan Gonzales Ibarra","correo":"dynastes93@gmail.com","facultad":"Facultad de Ingenier\u00eda Ambiental y de Recursos Naturales","programa":"Maestr\u00eda en Gesti\u00f3n Ambiental para el Desarrollo Sostenible"}
2025-07-30T14:31:26+00:00 - POST: {"action":"subir_archivos","dni":"48001383","nombre":"Michael Jordan Gonzales Ibarra","correo":"dynastes93@gmail.com","facultad":"Facultad de Ingenier\u00eda Ambiental y de Recursos Naturales","programa":"Maestr\u00eda en Gesti\u00f3n Ambiental para el Desarrollo Sostenible"}
2025-07-30T14:39:39+00:00 - POST: {"action":"buscar","dni":"48001383","programa":"Maestr\u00eda en Gesti\u00f3n Ambiental para el Desarrollo Sostenible"}
2025-07-30T15:06:27+00:00 - POST: {"action":"buscar","dni":"60733136","programa":"Maestr\u00eda en Ingenier\u00eda Qu\u00edmica"}
2025-07-30T15:07:58+00:00 - POST: {"action":"buscar","dni":"77206798","programa":"Maestr\u00eda en Ciencia y Tecnolog\u00eda de Alimentos"}
2025-07-30T15:08:21+00:00 - POST: {"action":"consultar_token","token":"77206798"}
2025-07-30T15:30:33+00:00 - POST: {"action":"consultar_token","token":"0c235a80d4b1"}
2025-07-30T16:08:41+00:00 - POST: {"action":"consultar_token","token":"0c235a80d4b1"}
2025-07-30T16:24:34+00:00 - POST: {"action":"consultar_token","token":"db81f835b222"}
2025-07-30T17:15:21+00:00 - POST: {"action":"buscar","dni":"73497448","programa":"Maestr\u00eda en Ingenier\u00eda Industrial con Menci\u00f3n en Gerencia Log\u00edstica"}
2025-07-30T17:15:56+00:00 - POST: {"action":"subir_archivos","dni":"73497448","nombre":"CINTHIA ANITA TERRONES VARGAS","correo":"terronesvargasc@gmail.com","facultad":"Facultad de Ingenier\u00eda Industrial y de Sistemas","programa":"Maestr\u00eda en Ingenier\u00eda Industrial con Menci\u00f3n en Gerencia Log\u00edstica"}
2025-07-30T17:34:20+00:00 - POST: {"action":"buscar","dni":"47076191","programa":"Doctorado en Ingenier\u00eda de Sistemas"}
2025-07-30T17:35:02+00:00 - POST: {"action":"subir_archivos","dni":"47076191","nombre":"Milash Perez","correo":"milash6@gmail.com","facultad":"Facultad de Ingenier\u00eda Industrial y de Sistemas","programa":"Doctorado en Ingenier\u00eda de Sistemas"}
2025-07-30T17:35:24+00:00 - POST: {"action":"consultar_token","token":"376eb08d77f1"}
2025-07-30T17:44:57+00:00 - POST: {"action":"buscar","dni":"47076191","programa":"Doctorado en Ingenier\u00eda de Sistemas"}
2025-07-30T17:45:53+00:00 - POST: {"action":"subir_archivos","dni":"47076191","nombre":"Milash Perez","correo":"milash6@gmail.com","facultad":"Facultad de Ingenier\u00eda Industrial y de Sistemas","programa":"Doctorado en Ingenier\u00eda de Sistemas"}
2025-07-30T17:48:20+00:00 - POST: {"action":"consultar_token","token":"5d0ba5fb6d88"}
2025-07-30T17:54:36+00:00 - POST: {"action":"buscar","dni":"47076191","programa":"Doctorado en Ingenier\u00eda de Sistemas"}
2025-07-30T17:55:03+00:00 - POST: {"action":"subir_archivos","dni":"47076191","nombre":"Milash Perez","correo":"milash6@gmail.com","facultad":"Facultad de Ingenier\u00eda Industrial y de Sistemas","programa":"Doctorado en Ingenier\u00eda de Sistemas"}
2025-07-30T17:55:30+00:00 - POST: {"action":"consultar_token","token":"43bab20ad116"}
2025-07-30T18:13:00+00:00 - POST: {"action":"consultar_token","token":"db81f835b222"}
2025-07-30T19:28:59+00:00 - POST: {"action":"consultar_token","token":"0c235a80d4b1"}
2025-07-30T19:29:48+00:00 - POST: {"action":"consultar_token","token":"9eeaa3155a2a"}
2025-07-30T19:30:20+00:00 - POST: {"action":"buscar","dni":"74712015","programa":"Maestr\u00eda en Ingenier\u00eda El\u00e9ctrica con Menci\u00f3n en Gerencia de Proyectos de Ingenier\u00eda"}
2025-07-30T19:32:30+00:00 - POST: {"action":"buscar","dni":"44372059","programa":"Maestr\u00eda en Comercio y Negociaciones Internacionales"}
2025-07-30T19:33:07+00:00 - POST: {"action":"consultar_token","token":"c9c1424487e0"}
2025-07-30T19:34:58+00:00 - POST: {"action":"subir_archivos","dni":"44372059","nombre":"Luis Antonio Huertas Mart\u00ednez","correo":"terrans20@gmail.com","facultad":"Facultad de Ciencias Econ\u00f3micas","programa":"Maestr\u00eda en Comercio y Negociaciones Internacionales"}
2025-07-30T19:35:26+00:00 - POST: {"action":"subir_archivos","dni":"44372059","nombre":"Luis Antonio Huertas Mart\u00ednez","correo":"terrans20@gmail.com","facultad":"Facultad de Ciencias Econ\u00f3micas","programa":"Maestr\u00eda en Comercio y Negociaciones Internacionales"}
2025-07-30T19:35:54+00:00 - POST: {"action":"buscar","dni":"47759584","programa":"Maestr\u00eda en Gesti\u00f3n Ambiental para el Desarrollo Sostenible"}
2025-07-30T19:36:04+00:00 - POST: {"action":"buscar","dni":"43847068","programa":"Maestr\u00eda en Ingenier\u00eda Industrial con Menci\u00f3n en Gerencia Log\u00edstica"}
2025-07-30T19:37:58+00:00 - POST: {"action":"buscar","dni":"44372059","programa":"Maestr\u00eda en Comercio y Negociaciones Internacionales"}
2025-07-30T19:38:19+00:00 - POST: {"action":"subir_archivos","dni":"44372059","nombre":"Luis Antonio Huertas Mart\u00ednez","correo":"terrans20@gmail.com","facultad":"Facultad de Ciencias Econ\u00f3micas","programa":"Maestr\u00eda en Comercio y Negociaciones Internacionales"}
2025-07-30T19:47:02+00:00 - POST: {"action":"buscar","dni":"44372059","programa":"Maestr\u00eda en Comercio y Negociaciones Internacionales"}
2025-07-30T19:47:33+00:00 - POST: {"action":"buscar","dni":"70093191","programa":"Maestr\u00eda en Salud P\u00fablica"}
2025-07-30T19:47:43+00:00 - POST: {"action":"subir_archivos","dni":"44372059","nombre":"Luis Antonio Huertas Mart\u00ednez","correo":"terrans20@gmail.com","facultad":"Facultad de Ciencias Econ\u00f3micas","programa":"Maestr\u00eda en Comercio y Negociaciones Internacionales"}
2025-07-30T19:53:34+00:00 - POST: {"action":"buscar","dni":"46082545","programa":"Maestr\u00eda en Ingenier\u00eda Qu\u00edmica"}
2025-07-30T20:05:57+00:00 - POST: {"action":"consultar_token","token":"0c235a80d4b1"}
2025-07-30T20:07:23+00:00 - POST: {"action":"buscar","dni":"44012636","programa":"Maestr\u00eda en Investigaci\u00f3n y Docencia Universitaria"}
2025-07-30T20:08:54+00:00 - POST: {"action":"buscar","dni":"44012636","programa":"Maestr\u00eda en Investigaci\u00f3n y Docencia Universitaria"}
2025-07-30T20:26:36+00:00 - POST: {"action":"buscar","dni":"44012636","programa":"Maestr\u00eda en Investigaci\u00f3n y Docencia Universitaria"}
2025-07-30T20:29:54+00:00 - POST: {"action":"subir_archivos","dni":"44012636","nombre":"MELISSA ALEIDA  CAVERO SALDA\u00d1A","correo":"melissacavero25@gmail.com","facultad":"Facultad de Ciencias Econ\u00f3micas","programa":"Maestr\u00eda en Investigaci\u00f3n y Docencia Universitaria"}
2025-07-30T20:31:30+00:00 - POST: {"action":"consultar_token","token":"0c235a80d4b1"}
2025-07-30T20:31:59+00:00 - POST: {"action":"consultar_token","token":"f2a2f16a8c5b"}
2025-07-30T20:42:25+00:00 - POST: {"action":"buscar","dni":"44012636","programa":"Maestr\u00eda en Investigaci\u00f3n y Docencia Universitaria"}
2025-07-30T20:42:45+00:00 - POST: {"action":"consultar_token","token":"171d9bdb93c2"}
2025-07-30T20:59:37+00:00 - POST: {"action":"buscar","dni":"76003647","programa":"Maestr\u00eda en Finanzas"}
2025-07-30T21:01:24+00:00 - POST: {"action":"buscar","dni":"76326828","programa":"Maestr\u00eda en Ciencias de la Electr\u00f3nica con Menci\u00f3n en Telecomunicaciones"}
2025-07-30T21:01:34+00:00 - POST: {"action":"consultar_token","token":"c9c1424487e0"}
2025-07-30T21:04:42+00:00 - POST: {"action":"buscar","dni":"75241836","programa":"Maestr\u00eda en Ciencias de la Salud con Menci\u00f3n en Educaci\u00f3n para la Salud"}
2025-07-30T21:17:59+00:00 - POST: {"action":"buscar","dni":"44012636","programa":"Maestr\u00eda en Investigaci\u00f3n y Docencia Universitaria"}
2025-07-30T21:18:28+00:00 - POST: {"action":"consultar_token","token":"171d9bdb93c2"}
2025-07-30T23:30:00+00:00 - POST: {"action":"consultar_token","token":"0c235a80d4b1"}
2025-07-30T23:55:24+00:00 - POST: {"action":"consultar_token","token":"aa98083ca265"}
2025-07-31T00:54:02+00:00 - POST: {"action":"buscar","dni":"70093191","programa":"Maestr\u00eda en Gerencia en Salud"}
2025-07-31T00:54:13+00:00 - POST: {"action":"buscar","dni":"70093191","programa":"Maestr\u00eda en Salud P\u00fablica"}
2025-07-31T00:56:35+00:00 - POST: {"action":"buscar","dni":"70093191","programa":"Maestr\u00eda en Salud P\u00fablica"}
2025-07-31T01:34:18+00:00 - POST: {"action":"buscar","dni":"70093191","programa":"Maestr\u00eda en Salud P\u00fablica"}
2025-07-31T01:39:12+00:00 - POST: {"action":"subir_archivos","dni":"70093191","nombre":"Galo Narciso Ginocchio Flores","correo":"galogf@outlook.com","facultad":"Facultad de Ciencias de la Salud","programa":"Maestr\u00eda en Salud P\u00fablica"}
2025-07-31T01:39:37+00:00 - POST: {"action":"consultar_token","token":"697fd396ef19"}
2025-07-31T01:54:05+00:00 - POST: {"action":"subir_archivos","dni":"70093191","nombre":"Galo Narciso Ginocchio Flores","correo":"galogf@outlook.com","facultad":"Facultad de Ciencias de la Salud","programa":"Maestr\u00eda en Salud P\u00fablica"}
2025-07-31T01:54:18+00:00 - POST: {"action":"subir_archivos","dni":"70093191","nombre":"Galo Narciso Ginocchio Flores","correo":"galogf@outlook.com","facultad":"Facultad de Ciencias de la Salud","programa":"Maestr\u00eda en Salud P\u00fablica"}
2025-07-31T02:19:36+00:00 - POST: {"action":"buscar","dni":"73040454","programa":"Maestr\u00eda en Investigaci\u00f3n y Docencia Universitaria"}
2025-07-31T13:40:19+00:00 - POST: {"action":"buscar","dni":"70745877","programa":"Maestr\u00eda en Ciencias de la Electr\u00f3nica con Menci\u00f3n en Telecomunicaciones"}
2025-07-31T14:37:40+00:00 - POST: {"action":"consultar_token","token":"0c235a80d4b1"}
2025-07-31T15:46:53+00:00 - POST: {"action":"buscar","dni":"70093191","programa":"Maestr\u00eda en Salud P\u00fablica"}
2025-07-31T16:26:06+00:00 - POST: {"action":"consultar_token","token":"0c235a80d4b1"}
2025-07-31T16:48:31+00:00 - POST: {"action":"buscar","dni":"10386141","programa":"Doctorado en Salud P\u00fablica"}
2025-07-31T16:55:51+00:00 - POST: {"action":"subir_archivos","dni":"10386141","nombre":"Fernando Zacar\u00edas L\u00f3pez Vargas","correo":"tireno@gmail.com","facultad":"Facultad de Ciencias de la Salud","programa":"Doctorado en Salud P\u00fablica"}
2025-07-31T17:40:44+00:00 - POST: {"action":"consultar_token","token":"0c235a80d4b1"}
2025-07-31T17:40:52+00:00 - POST: {"action":"consultar_token","token":"0c235a80d4b1"}
2025-07-31T17:49:12+00:00 - POST: {"action":"consultar_token","token":"db81f835b222"}
2025-07-31T18:24:34+00:00 - POST: {"action":"buscar","dni":"71539550","programa":"Maestr\u00eda en Gesti\u00f3n Ambiental para el Desarrollo Sostenible"}
2025-07-31T18:28:26+00:00 - POST: {"action":"buscar","dni":"70253995","programa":"Maestr\u00eda en Administraci\u00f3n Mar\u00edtima y Portuaria"}
2025-07-31T18:28:44+00:00 - POST: {"action":"consultar_token","token":"57b78821c188"}
2025-07-31T20:54:45+00:00 - POST: {"action":"consultar_token","token":"0c235a80d4b1"}
2025-07-31T21:31:55+00:00 - POST: {"action":"subir_archivos","dni":"71539550","nombre":"Valeria Estefany  Cortez Carrillo ","correo":"vacorcar@gmail.com","facultad":"Facultad de Ingenier\u00eda Ambiental y de Recursos Naturales","programa":"Maestr\u00eda en Gesti\u00f3n Ambiental para el Desarrollo Sostenible"}
2025-07-31T21:32:08+00:00 - POST: {"action":"subir_archivos","dni":"71539550","nombre":"Valeria Estefany  Cortez Carrillo ","correo":"vacorcar@gmail.com","facultad":"Facultad de Ingenier\u00eda Ambiental y de Recursos Naturales","programa":"Maestr\u00eda en Gesti\u00f3n Ambiental para el Desarrollo Sostenible"}
2025-07-31T21:32:25+00:00 - POST: {"action":"buscar","dni":"71539550","programa":"Maestr\u00eda en Gesti\u00f3n Ambiental para el Desarrollo Sostenible"}
2025-07-31T21:32:38+00:00 - POST: {"action":"subir_archivos","dni":"71539550","nombre":"Valeria Estefany  Cortez Carrillo ","correo":"vacorcar@gmail.com","facultad":"Facultad de Ingenier\u00eda Ambiental y de Recursos Naturales","programa":"Maestr\u00eda en Gesti\u00f3n Ambiental para el Desarrollo Sostenible"}
2025-07-31T21:33:24+00:00 - POST: {"action":"subir_archivos","dni":"71539550","nombre":"Valeria Estefany  Cortez Carrillo ","correo":"vacorcar@gmail.com","facultad":"Facultad de Ingenier\u00eda Ambiental y de Recursos Naturales","programa":"Maestr\u00eda en Gesti\u00f3n Ambiental para el Desarrollo Sostenible"}
2025-07-31T21:33:34+00:00 - POST: {"action":"subir_archivos","dni":"71539550","nombre":"Valeria Estefany  Cortez Carrillo ","correo":"vacorcar@gmail.com","facultad":"Facultad de Ingenier\u00eda Ambiental y de Recursos Naturales","programa":"Maestr\u00eda en Gesti\u00f3n Ambiental para el Desarrollo Sostenible"}
2025-07-31T21:36:19+00:00 - POST: {"action":"subir_archivos","dni":"71539550","nombre":"Valeria Estefany  Cortez Carrillo ","correo":"vacorcar@gmail.com","facultad":"Facultad de Ingenier\u00eda Ambiental y de Recursos Naturales","programa":"Maestr\u00eda en Gesti\u00f3n Ambiental para el Desarrollo Sostenible"}
2025-07-31T21:36:41+00:00 - POST: {"action":"buscar","dni":"71539550","programa":"Maestr\u00eda en Gesti\u00f3n Ambiental para el Desarrollo Sostenible"}
2025-07-31T21:37:53+00:00 - POST: {"action":"subir_archivos","dni":"71539550","nombre":"Valeria Estefany  Cortez Carrillo ","correo":"vacorcar@gmail.com","facultad":"Facultad de Ingenier\u00eda Ambiental y de Recursos Naturales","programa":"Maestr\u00eda en Gesti\u00f3n Ambiental para el Desarrollo Sostenible"}
2025-07-31T21:38:59+00:00 - POST: {"action":"consultar_token","token":"f2a2f16a8c5b"}
2025-07-31T23:39:56+00:00 - POST: {"action":"consultar_token","token":"0c235a80d4b1"}
2025-08-01T00:29:38+00:00 - POST: {"action":"buscar","dni":"75214256","programa":"Maestr\u00eda en Salud P\u00fablica"}
2025-08-01T02:54:33+00:00 - POST: {"action":"buscar","dni":"71216823","programa":"Maestr\u00eda en Investigaci\u00f3n y Docencia Universitaria"}
2025-08-01T02:55:43+00:00 - POST: {"action":"consultar_token","token":"0d22537e35e"}
2025-08-01T02:55:53+00:00 - POST: {"action":"buscar","dni":"71216823","programa":"Maestr\u00eda en Investigaci\u00f3n y Docencia Universitaria"}
2025-08-01T02:56:10+00:00 - POST: {"action":"consultar_token","token":"0d22537e350e"}
2025-08-01T02:57:12+00:00 - POST: {"action":"buscar","dni":"71216823","programa":"Maestr\u00eda en Investigaci\u00f3n y Docencia Universitaria"}
2025-08-01T03:01:55+00:00 - POST: {"action":"buscar","dni":"71216823","programa":"Maestr\u00eda en Investigaci\u00f3n y Docencia Universitaria"}
2025-08-01T03:05:16+00:00 - POST: {"action":"buscar","dni":"71216823","programa":"Maestr\u00eda en Investigaci\u00f3n y Docencia Universitaria"}
2025-08-01T03:10:32+00:00 - POST: {"action":"buscar","dni":"71216823","programa":"Maestr\u00eda en Investigaci\u00f3n y Docencia Universitaria"}
2025-08-01T11:43:00+00:00 - POST: {"action":"consultar_token","token":"0c235a80d4b1"}
2025-08-01T13:04:30+00:00 - POST: {"action":"buscar","dni":"71216823","programa":"Maestr\u00eda en Investigaci\u00f3n y Docencia Universitaria"}
2025-08-01T13:24:50+00:00 - POST: {"action":"buscar","dni":"71216823","programa":"Maestr\u00eda en Investigaci\u00f3n y Docencia Universitaria"}
2025-08-01T14:23:56+00:00 - POST: {"action":"consultar_token","token":"0c235a80d4b1"}
2025-08-01T15:08:35+00:00 - POST: {"action":"consultar_token","token":"0c235a80d4b1"}
2025-08-01T18:24:22+00:00 - POST: {"action":"buscar","dni":"44372059","programa":"Maestr\u00eda en Comercio y Negociaciones Internacionales"}
2025-08-01T18:24:41+00:00 - POST: {"action":"subir_archivos","dni":"44372059","nombre":"Luis Antonio Huertas Mart\u00ednez","correo":"terrans20@gmail.com","facultad":"Facultad de Ciencias Econ\u00f3micas","programa":"Maestr\u00eda en Comercio y Negociaciones Internacionales"}
2025-08-01T18:25:12+00:00 - POST: {"action":"subir_archivos","dni":"44372059","nombre":"Luis Antonio Huertas Mart\u00ednez","correo":"terrans20@gmail.com","facultad":"Facultad de Ciencias Econ\u00f3micas","programa":"Maestr\u00eda en Comercio y Negociaciones Internacionales"}
2025-08-01T18:26:52+00:00 - POST: {"action":"subir_archivos","dni":"44372059","nombre":"Luis Antonio Huertas Mart\u00ednez","correo":"terrans20@gmail.com","facultad":"Facultad de Ciencias Econ\u00f3micas","programa":"Maestr\u00eda en Comercio y Negociaciones Internacionales"}
2025-08-01T18:46:08+00:00 - POST: {"action":"consultar_token","token":"76609c488fd3"}
2025-08-01T18:47:51+00:00 - POST: {"action":"buscar","dni":"71776443","programa":"Especialidad en Enfermer\u00eda en Salud Mental"}
2025-08-01T18:48:07+00:00 - POST: {"action":"buscar","dni":"71776443","programa":"Especialidad en Enfermer\u00eda en Salud Mental"}
2025-08-01T18:48:22+00:00 - POST: {"action":"buscar","dni":"71776443","programa":"Especialidad en Enfermer\u00eda en Salud Mental"}
2025-08-01T18:53:23+00:00 - POST: {"action":"consultar_token","token":"db81f835b222"}
2025-08-01T19:44:01+00:00 - POST: {"action":"consultar_token","token":"0c235a80d4b1"}
2025-08-01T20:11:11+00:00 - POST: {"action":"buscar","dni":"74401113","programa":"Maestr\u00eda en Ciencias de la Electr\u00f3nica con Menci\u00f3n en Ingenier\u00eda Biom\u00e9dica"}
2025-08-01T21:34:43+00:00 - POST: {"action":"buscar","dni":"43260248","programa":"Maestr\u00eda en Investigaci\u00f3n y Docencia Universitaria"}
2025-08-01T21:37:36+00:00 - POST: {"action":"subir_archivos","dni":"43260248","nombre":"Abel Enrique Pasache Justo","correo":"abelpasache@hotmail.com","facultad":"Facultad de Ciencias Econ\u00f3micas","programa":"Maestr\u00eda en Investigaci\u00f3n y Docencia Universitaria"}
2025-08-01T22:31:02+00:00 - POST: {"action":"consultar_token","token":"0c235a80d4b1"}
2025-08-02T00:41:08+00:00 - POST: {"action":"buscar","dni":"71776443","programa":"Especialidad en Enfermer\u00eda en Salud Mental"}
2025-08-02T00:59:24+00:00 - POST: {"action":"consultar_token","token":"0c235a80d4b1"}
2025-08-02T01:40:25+00:00 - POST: {"action":"consultar_token","token":"0c235a80d4b1"}
2025-08-02T12:21:28+00:00 - POST: {"action":"buscar","dni":"70029768","programa":"Doctorado en Salud P\u00fablica"}
2025-08-02T12:22:25+00:00 - POST: {"action":"buscar","dni":"70029768","programa":"Maestr\u00eda en Salud Ocupacional y Ambiental"}
2025-08-02T13:33:04+00:00 - POST: {"action":"consultar_token","token":"0c235a80d4b1"}
2025-08-02T15:31:19+00:00 - POST: {"action":"consultar_token","token":"0c235a80d4b1"}
2025-08-02T16:25:27+00:00 - POST: {"action":"buscar","dni":"44441517","programa":"Doctorado en Ciencias Contables"}
2025-08-02T17:07:09+00:00 - POST: {"action":"buscar","dni":"46367737","programa":"Maestr\u00eda en Administraci\u00f3n Estrat\u00e9gica de Empresas"}
2025-08-02T17:13:51+00:00 - POST: {"action":"buscar","dni":"46367737","programa":"Maestr\u00eda en Administraci\u00f3n Estrat\u00e9gica de Empresas"}
2025-08-02T17:38:03+00:00 - POST: {"action":"buscar","dni":"46367737","programa":"Maestr\u00eda en Administraci\u00f3n Estrat\u00e9gica de Empresas"}
2025-08-02T17:59:35+00:00 - POST: {"action":"subir_archivos","dni":"46367737","nombre":"Bruno Gabriel Ortiz Romani","correo":"bortizromani@gmail.com","facultad":"Facultad de Ciencias Administrativas","programa":"Maestr\u00eda en Administraci\u00f3n Estrat\u00e9gica de Empresas"}
2025-08-02T18:09:36+00:00 - POST: {"action":"buscar","dni":"44012636","programa":"Maestr\u00eda en Investigaci\u00f3n y Docencia Universitaria"}
2025-08-02T18:09:48+00:00 - POST: {"action":"consultar_token","token":"171d9bdb93c2"}
2025-08-02T18:27:46+00:00 - POST: {"action":"consultar_token","token":"0c235a80d4b1"}
2025-08-02T18:32:59+00:00 - POST: {"action":"consultar_token","token":"76609c488fd3"}
2025-08-02T18:40:43+00:00 - POST: {"action":"buscar","dni":"06785454","programa":"Maestr\u00eda en Salud Ocupacional y Ambiental"}
2025-08-02T18:43:31+00:00 - POST: {"action":"buscar","dni":"71216823","programa":"Maestr\u00eda en Investigaci\u00f3n y Docencia Universitaria"}
2025-08-02T18:54:42+00:00 - POST: {"action":"buscar","dni":"45012812","programa":"Maestr\u00eda en Gesti\u00f3n P\u00fablica"}
2025-08-02T18:56:26+00:00 - POST: {"action":"subir_archivos","dni":"45012812","nombre":"Ronald Smith  Ch\u00e1vez cruces","correo":"ronaldchc31@hotmail.com","facultad":"Facultad de Ciencias Contables","programa":"Maestr\u00eda en Gesti\u00f3n P\u00fablica"}
2025-08-02T18:57:03+00:00 - POST: {"action":"buscar","dni":"47560224","programa":"Maestr\u00eda en Administraci\u00f3n Estrat\u00e9gica de Empresas"}
2025-08-02T19:02:35+00:00 - POST: {"action":"buscar","dni":"71216823","programa":"Maestr\u00eda en Investigaci\u00f3n y Docencia Universitaria"}
2025-08-02T19:25:16+00:00 - POST: {"action":"buscar","dni":"43810653","programa":"Maestr\u00eda en Investigaci\u00f3n y Docencia Universitaria"}
2025-08-02T19:25:19+00:00 - POST: {"action":"buscar","dni":"43810653","programa":"Maestr\u00eda en Investigaci\u00f3n y Docencia Universitaria"}
2025-08-02T19:25:21+00:00 - POST: {"action":"buscar","dni":"43810653","programa":"Maestr\u00eda en Investigaci\u00f3n y Docencia Universitaria"}
2025-08-02T19:29:00+00:00 - POST: {"action":"buscar","dni":"43810653","programa":"Maestr\u00eda en Investigaci\u00f3n y Docencia Universitaria"}
2025-08-02T19:29:21+00:00 - POST: {"action":"subir_archivos","dni":"43810653","nombre":"Luz Tenorio Quispe","correo":"luzy.03tq@gmail.com","facultad":"Facultad de Ciencias Econ\u00f3micas","programa":"Maestr\u00eda en Investigaci\u00f3n y Docencia Universitaria"}
2025-08-02T19:29:47+00:00 - POST: {"action":"subir_archivos","dni":"43810653","nombre":"Luz Tenorio Quispe","correo":"luzy.03tq@gmail.com","facultad":"Facultad de Ciencias Econ\u00f3micas","programa":"Maestr\u00eda en Investigaci\u00f3n y Docencia Universitaria"}
2025-08-02T19:41:03+00:00 - POST: {"action":"buscar","dni":"73367209","programa":"Maestr\u00eda en Finanzas"}
2025-08-02T19:43:29+00:00 - POST: {"action":"subir_archivos","dni":"73367209","nombre":"Eunice mirelia Chavez alvarado","correo":"euchaal@gmail.com","facultad":"Facultad de Ciencias Econ\u00f3micas","programa":"Maestr\u00eda en Finanzas"}
2025-08-02T19:43:39+00:00 - POST: {"action":"subir_archivos","dni":"73367209","nombre":"Eunice mirelia Chavez alvarado","correo":"euchaal@gmail.com","facultad":"Facultad de Ciencias Econ\u00f3micas","programa":"Maestr\u00eda en Finanzas"}
2025-08-02T19:47:27+00:00 - POST: {"action":"consultar_token","token":"0c235a80d4b1"}
2025-08-02T19:53:36+00:00 - POST: {"action":"consultar_token","token":"0c235a80d4b1"}
2025-08-02T19:55:38+00:00 - POST: {"action":"buscar","dni":"46367737","programa":"Maestr\u00eda en Administraci\u00f3n Estrat\u00e9gica de Empresas"}
2025-08-02T19:55:56+00:00 - POST: {"action":"subir_archivos","dni":"46367737","nombre":"Bruno Gabriel Ortiz Romani","correo":"bortizromani@gmail.com","facultad":"Facultad de Ciencias Administrativas","programa":"Maestr\u00eda en Administraci\u00f3n Estrat\u00e9gica de Empresas"}
2025-08-02T19:56:07+00:00 - POST: {"action":"subir_archivos","dni":"46367737","nombre":"Bruno Gabriel Ortiz Romani","correo":"bortizromani@gmail.com","facultad":"Facultad de Ciencias Administrativas","programa":"Maestr\u00eda en Administraci\u00f3n Estrat\u00e9gica de Empresas"}
2025-08-02T20:05:07+00:00 - POST: {"action":"buscar","dni":"47325022","programa":"Maestr\u00eda en Ingenier\u00eda Qu\u00edmica"}
2025-08-02T20:11:31+00:00 - POST: {"action":"buscar","dni":"71216823","programa":"Maestr\u00eda en Investigaci\u00f3n y Docencia Universitaria"}
2025-08-02T20:20:59+00:00 - POST: {"action":"buscar","dni":"71216823","programa":"Maestr\u00eda en Ingenier\u00eda de Sistemas"}
2025-08-02T20:21:14+00:00 - POST: {"action":"buscar","dni":"71216823","programa":"Maestr\u00eda en Investigaci\u00f3n y Docencia Universitaria"}
2025-08-02T20:26:11+00:00 - POST: {"action":"buscar","dni":"47560224","programa":"Maestr\u00eda en Administraci\u00f3n Estrat\u00e9gica de Empresas"}
2025-08-02T20:30:56+00:00 - POST: {"action":"subir_archivos","dni":"47560224","nombre":"wilson Sanchez sarango","correo":"wilsonss_5@hotmail.com","facultad":"Facultad de Ciencias Administrativas","programa":"Maestr\u00eda en Administraci\u00f3n Estrat\u00e9gica de Empresas"}
2025-08-02T20:32:37+00:00 - POST: {"action":"subir_archivos","dni":"47560224","nombre":"wilson Sanchez sarango","correo":"wilsonss_5@hotmail.com","facultad":"Facultad de Ciencias Administrativas","programa":"Maestr\u00eda en Administraci\u00f3n Estrat\u00e9gica de Empresas"}
2025-08-02T20:33:07+00:00 - POST: {"action":"subir_archivos","dni":"47560224","nombre":"wilson Sanchez sarango","correo":"wilsonss_5@hotmail.com","facultad":"Facultad de Ciencias Administrativas","programa":"Maestr\u00eda en Administraci\u00f3n Estrat\u00e9gica de Empresas"}
2025-08-02T20:34:48+00:00 - POST: {"action":"subir_archivos","dni":"47560224","nombre":"wilson Sanchez sarango","correo":"wilsonss_5@hotmail.com","facultad":"Facultad de Ciencias Administrativas","programa":"Maestr\u00eda en Administraci\u00f3n Estrat\u00e9gica de Empresas"}
2025-08-02T21:05:21+00:00 - POST: {"action":"buscar","dni":"73533540","programa":"Maestr\u00eda en Gerencia del Mantenimiento"}
2025-08-02T21:22:13+00:00 - POST: {"action":"buscar","dni":"77216123","programa":"Maestr\u00eda en Gerencia del Mantenimiento"}
2025-08-02T21:44:54+00:00 - POST: {"action":"subir_archivos","dni":"47325022","nombre":"ANGELA PAOLA CHUMIOQUE GARCIA","correo":"achumioque.garcia@gmail.com","facultad":"Facultad de Ingenier\u00eda Qu\u00edmica","programa":"Maestr\u00eda en Ingenier\u00eda Qu\u00edmica"}
2025-08-02T21:45:39+00:00 - POST: {"action":"buscar","dni":"47325022","programa":"Maestr\u00eda en Ingenier\u00eda Qu\u00edmica"}
2025-08-02T21:47:45+00:00 - POST: {"action":"subir_archivos","dni":"47325022","nombre":"ANGELA PAOLA CHUMIOQUE GARCIA","correo":"achumioque.garcia@gmail.com","facultad":"Facultad de Ingenier\u00eda Qu\u00edmica","programa":"Maestr\u00eda en Ingenier\u00eda Qu\u00edmica"}
2025-08-02T21:53:20+00:00 - POST: {"action":"consultar_token","token":"0c235a80d4b1"}
2025-08-02T22:10:12+00:00 - POST: {"action":"subir_archivos","dni":"77216123","nombre":"Raul Guillermo  Sota Valcazar","correo":"guillermo28sv@gmail.com","facultad":"Facultad de Ingenier\u00eda Mec\u00e1nica y de Energ\u00eda","programa":"Maestr\u00eda en Gerencia del Mantenimiento"}
2025-08-02T22:10:23+00:00 - POST: {"action":"subir_archivos","dni":"77216123","nombre":"Raul Guillermo  Sota Valcazar","correo":"guillermo28sv@gmail.com","facultad":"Facultad de Ingenier\u00eda Mec\u00e1nica y de Energ\u00eda","programa":"Maestr\u00eda en Gerencia del Mantenimiento"}
2025-08-02T22:10:31+00:00 - POST: {"action":"subir_archivos","dni":"77216123","nombre":"Raul Guillermo  Sota Valcazar","correo":"guillermo28sv@gmail.com","facultad":"Facultad de Ingenier\u00eda Mec\u00e1nica y de Energ\u00eda","programa":"Maestr\u00eda en Gerencia del Mantenimiento"}
2025-08-02T22:11:10+00:00 - POST: {"action":"subir_archivos","dni":"77216123","nombre":"Raul Guillermo  Sota Valcazar","correo":"guillermo28sv@gmail.com","facultad":"Facultad de Ingenier\u00eda Mec\u00e1nica y de Energ\u00eda","programa":"Maestr\u00eda en Gerencia del Mantenimiento"}
2025-08-02T22:12:01+00:00 - POST: {"action":"subir_archivos","dni":"77216123","nombre":"Raul Guillermo  Sota Valcazar","correo":"guillermo28sv@gmail.com","facultad":"Facultad de Ingenier\u00eda Mec\u00e1nica y de Energ\u00eda","programa":"Maestr\u00eda en Gerencia del Mantenimiento"}
2025-08-02T22:12:37+00:00 - POST: {"action":"subir_archivos","dni":"77216123","nombre":"Raul Guillermo  Sota Valcazar","correo":"guillermo28sv@gmail.com","facultad":"Facultad de Ingenier\u00eda Mec\u00e1nica y de Energ\u00eda","programa":"Maestr\u00eda en Gerencia del Mantenimiento"}
2025-08-02T22:12:56+00:00 - POST: {"action":"buscar","dni":"77216123","programa":"Maestr\u00eda en Gerencia del Mantenimiento"}
2025-08-02T22:13:13+00:00 - POST: {"action":"subir_archivos","dni":"77216123","nombre":"Raul Guillermo  Sota Valcazar","correo":"guillermo28sv@gmail.com","facultad":"Facultad de Ingenier\u00eda Mec\u00e1nica y de Energ\u00eda","programa":"Maestr\u00eda en Gerencia del Mantenimiento"}
2025-08-02T22:15:08+00:00 - POST: {"action":"subir_archivos","dni":"77216123","nombre":"Raul Guillermo  Sota Valcazar","correo":"guillermo28sv@gmail.com","facultad":"Facultad de Ingenier\u00eda Mec\u00e1nica y de Energ\u00eda","programa":"Maestr\u00eda en Gerencia del Mantenimiento"}
2025-08-02T22:15:53+00:00 - POST: {"action":"subir_archivos","dni":"77216123","nombre":"Raul Guillermo  Sota Valcazar","correo":"guillermo28sv@gmail.com","facultad":"Facultad de Ingenier\u00eda Mec\u00e1nica y de Energ\u00eda","programa":"Maestr\u00eda en Gerencia del Mantenimiento"}
2025-08-02T22:17:37+00:00 - POST: {"action":"subir_archivos","dni":"77216123","nombre":"Raul Guillermo  Sota Valcazar","correo":"guillermo28sv@gmail.com","facultad":"Facultad de Ingenier\u00eda Mec\u00e1nica y de Energ\u00eda","programa":"Maestr\u00eda en Gerencia del Mantenimiento"}
2025-08-02T22:43:07+00:00 - POST: {"action":"consultar_token","token":"db81f835b222"}
